2025-04-21 12:31:15.474 - [backspace]
2025-04-21 12:31:16.062 - [backspace]
2025-04-21 12:31:58.363 - h
2025-04-21 12:31:58.366 - h
2025-04-21 12:31:58.489 - e
2025-04-21 12:31:58.489 - e
2025-04-21 12:31:59.265 - l
2025-04-21 12:31:59.265 - l
2025-04-21 12:31:59.389 - l
2025-04-21 12:31:59.389 - l
2025-04-21 12:31:59.579 - o
2025-04-21 12:31:59.579 - o
2025-04-21 12:32:00.960 - [backspace]
2025-04-21 12:32:00.960 - [backspace]
2025-04-21 12:32:01.133 - [backspace]
2025-04-21 12:32:01.134 - [backspace]
2025-04-21 12:32:01.279 - [backspace]
2025-04-21 12:32:01.279 - [backspace]
2025-04-21 12:32:01.424 - [backspace]
2025-04-21 12:32:01.427 - [backspace]
2025-04-21 12:32:01.579 - [backspace]
2025-04-21 12:32:01.579 - [backspace]
2025-04-21 12:32:01.749 - [backspace]
2025-04-21 12:32:01.749 - [backspace]
