2025-04-24 18:02:34.103 - [shift]
2025-04-24 18:02:34.103 - [shift]
2025-04-24 18:02:34.273 - I
2025-04-24 18:02:34.273 - I
2025-04-24 18:02:34.620 - s
2025-04-24 18:02:34.620 - s
2025-04-24 18:02:34.723 - h
2025-04-24 18:02:34.723 - h
2025-04-24 18:02:34.823 - a
2025-04-24 18:02:34.824 - a
2025-04-24 18:02:35.378 - [space]
2025-04-24 18:02:35.380 - [space]
2025-04-24 18:02:35.699 - y
2025-04-24 18:02:35.699 - y
2025-04-24 18:02:35.858 - a
2025-04-24 18:02:35.859 - a
2025-04-24 18:02:35.999 - d
2025-04-24 18:02:35.999 - d
2025-04-24 18:02:36.094 - a
2025-04-24 18:02:36.094 - a
2025-04-24 18:02:36.193 - v
2025-04-24 18:02:36.194 - v
2025-04-24 18:02:38.344 - [backspace]
2025-04-24 18:02:38.843 - [backspace]
2025-04-24 18:02:38.844 - [backspace]
2025-04-24 18:02:38.873 - [backspace]
2025-04-24 18:02:38.874 - [backspace]
2025-04-24 18:02:38.902 - [backspace]
2025-04-24 18:02:38.903 - [backspace]
2025-04-24 18:02:38.933 - [backspace]
2025-04-24 18:02:38.933 - [backspace]
2025-04-24 18:02:38.963 - [backspace]
2025-04-24 18:02:38.963 - [backspace]
2025-04-24 18:02:38.993 - [backspace]
2025-04-24 18:02:38.993 - [backspace]
2025-04-24 18:02:39.023 - [backspace]
2025-04-24 18:02:39.023 - [backspace]
2025-04-24 18:02:39.053 - [backspace]
2025-04-24 18:02:39.053 - [backspace]
2025-04-24 18:02:39.083 - [backspace]
2025-04-24 18:02:39.083 - [backspace]
2025-04-24 18:02:39.113 - [backspace]
2025-04-24 18:02:39.113 - [backspace]
2025-04-24 18:02:39.143 - [backspace]
2025-04-24 18:02:39.143 - [backspace]
2025-04-24 18:02:39.173 - [backspace]
2025-04-24 18:02:39.173 - [backspace]
2025-04-24 18:02:39.203 - [backspace]
2025-04-24 18:02:39.203 - [backspace]
2025-04-24 18:02:39.233 - [backspace]
2025-04-24 18:02:39.234 - [backspace]
2025-04-24 18:02:39.263 - [backspace]
2025-04-24 18:02:39.263 - [backspace]
2025-04-24 18:02:39.293 - [backspace]
2025-04-24 18:02:39.293 - [backspace]
2025-04-24 18:02:39.323 - [backspace]
2025-04-24 18:02:39.323 - [backspace]
2025-04-24 18:02:39.353 - [backspace]
2025-04-24 18:02:39.353 - [backspace]
2025-04-24 18:04:39.613 - 1
2025-04-24 18:04:39.613 - 1
2025-04-24 18:04:39.837 - 2
2025-04-24 18:04:39.837 - 2
2025-04-24 18:04:40.052 - 3
2025-04-24 18:04:40.052 - 3
2025-04-24 18:04:40.272 - 4
2025-04-24 18:04:40.273 - 4
2025-04-24 18:04:40.867 - [space]
2025-04-24 18:04:40.868 - [space]
2025-04-24 18:04:41.727 - 5
2025-04-24 18:04:41.728 - 5
2025-04-24 18:04:41.998 - 6
2025-04-24 18:04:41.998 - 6
2025-04-24 18:04:42.243 - 7
2025-04-24 18:04:42.244 - 7
2025-04-24 18:04:42.479 - 8
2025-04-24 18:04:42.480 - 8
2025-04-24 18:04:43.208 - [space]
2025-04-24 18:04:43.208 - [space]
2025-04-24 18:04:43.803 - 1
2025-04-24 18:04:43.803 - 1
2025-04-24 18:04:44.018 - 2
2025-04-24 18:04:44.018 - 2
2025-04-24 18:04:44.244 - 3
2025-04-24 18:04:44.244 - 3
2025-04-24 18:04:44.454 - 4
2025-04-24 18:04:44.454 - 4
2025-04-24 18:04:45.103 - [space]
2025-04-24 18:04:45.103 - [space]
2025-04-24 18:04:45.673 - 1
2025-04-24 18:04:45.673 - 1
2025-04-24 18:04:45.898 - 2
2025-04-24 18:04:45.898 - 2
2025-04-24 18:04:46.113 - 3
2025-04-24 18:04:46.114 - 3
2025-04-24 18:04:46.324 - 4
2025-04-24 18:04:46.324 - 4
2025-04-24 18:04:47.633 - [enter]
